{"level":"info","message":"GET /1","timestamp":"2018-01-25T15:13:36.828Z"}
{"level":"info","message":"GET /","timestamp":"2018-01-25T15:13:52.080Z"}
